The config attributes {'clip_output': False} were passed to AutoencoderKLWan, but are not expected and will be ignored. Please verify your config.json configuration file.
Loading checkpoint shards:   0%|          | 0/3 [00:00<?, ?it/s]Loading checkpoint shards: 100%|██████████| 3/3 [00:00<00:00, 221.51it/s]
The config attributes {'added_kv_proj_dim': None, 'image_dim': None, 'qk_norm': 'rms_norm_across_heads'} were passed to WanTransformer3DModel, but are not expected and will be ignored. Please verify your config.json configuration file.
Loading checkpoint shards:   0%|          | 0/3 [00:00<?, ?it/s]Loading checkpoint shards: 100%|██████████| 3/3 [00:00<00:00, 85.98it/s]
Some weights of the model checkpoint at /home/ubuntu/if_external/checkpoints/lingbot-va-posttrain-libero-long/transformer were not used when initializing WanTransformer3DModel: 
 ['patch_embedding.bias, patch_embedding.weight']
/home/ubuntu/if_external/envs/lingbot/lib/python3.12/site-packages/torch/distributed/distributed_c10d.py:4876: UserWarning: barrier(): using the device under current context. You can specify `device_id` in `init_process_group` to mute this warning.
  warnings.warn(  # warn only once
[rank0]:[W904 17:59:09.920626119 ProcessGroupNCCL.cpp:5068] Guessing device ID based on global rank. This can cause a hang if rank to GPU mapping is heterogeneous. You can specify device_id in init_process_group()
complete task00_state020 71.6s
complete task01_state010 62.4s
complete task01_state030 62.7s
complete task02_state020 62.6s
complete task03_state010 62.6s
complete task03_state030 62.6s
complete task04_state020 62.6s
complete task05_state010 62.7s
complete task05_state030 62.9s
complete task06_state020 62.7s
complete task07_state010 62.9s
complete task07_state030 62.7s
complete task08_state020 63.0s
complete task09_state010 62.8s
complete task09_state030 62.7s
{"artifact_index_sha256": "6d697a62d344aa3063dbab0907c1f7ed9c84f54d53469d1e9d0ed3025ba7317d", "duration_seconds": 976.7587759494781, "output_root": "/lambda/nfs/imagined-future/results/deadline_2026_09_04/lingbot_gaussian_grid_v2_shard1", "state_count": 15, "status": "complete_mode_frozen_read_only_shard", "tree_aggregate_sha256": "9ff80909a5547208717fafe059e3d0c96baf592923c7a42711179aad3e324e1f"}
[rank0]:[W904 18:15:00.183526881 ProcessGroupNCCL.cpp:1524] Warning: WARNING: destroy_process_group() was not called before program exit, which can leak resources. For more info, please see https://pytorch.org/docs/stable/distributed.html#shutdown (function operator())
