Using CPython 3.12.3 interpreter at: /usr/bin/python3.12
Creating virtual environment at: if_external/envs/lingbot
Activate with: source if_external/envs/lingbot/bin/activate
Using Python 3.12.3 environment at: if_external/envs/lingbot
Resolved 30 packages in 392ms
Downloading setuptools (1.2MiB)
Downloading sympy (6.0MiB)
Downloading nvidia-cuda-cupti-cu12 (8.5MiB)
Downloading networkx (2.0MiB)
Downloading nvidia-cufile-cu12 (1.1MiB)
Downloading numpy (15.9MiB)
Downloading pillow (6.6MiB)
Downloading torchvision (7.0MiB)
Downloading torch (794.3MiB)
Downloading triton (162.6MiB)
Downloading nvidia-cusparse-cu12 (206.5MiB)
Downloading nvidia-curand-cu12 (53.7MiB)
Downloading nvidia-nccl-cu12 (307.4MiB)
 Downloaded setuptools
Downloading nvidia-cuda-nvrtc-cu12 (22.6MiB)
Downloading nvidia-cusparselt-cu12 (273.9MiB)
Downloading nvidia-nvjitlink-cu12 (18.8MiB)
Downloading nvidia-cublas-cu12 (374.9MiB)
 Downloaded networkx
Downloading torchaudio (1.8MiB)
Downloading nvidia-nvshmem-cu12 (118.9MiB)
Downloading nvidia-cusolver-cu12 (150.9MiB)
Downloading nvidia-cudnn-cu12 (674.0MiB)
Downloading nvidia-cufft-cu12 (190.9MiB)
 Downloaded torchaudio
 Downloaded nvidia-cufile-cu12
 Downloaded sympy
 Downloaded pillow
 Downloaded torchvision
 Downloaded numpy
 Downloaded nvidia-cuda-cupti-cu12
 Downloaded nvidia-curand-cu12
 Downloaded nvidia-cuda-nvrtc-cu12
 Downloaded nvidia-nvjitlink-cu12
 Downloaded triton
 Downloaded nvidia-nccl-cu12
 Downloaded nvidia-cusparse-cu12
 Downloaded nvidia-cublas-cu12
 Downloaded torch
 Downloaded nvidia-cusparselt-cu12
 Downloaded nvidia-cufft-cu12
 Downloaded nvidia-nvshmem-cu12
 Downloaded nvidia-cusolver-cu12
 Downloaded nvidia-cudnn-cu12
Prepared 30 packages in 8.28s
Installed 30 packages in 115ms
 + filelock==3.32.3
 + fsspec==2026.7.0
 + jinja2==3.1.6
 + markupsafe==3.0.3
 + mpmath==1.3.0
 + networkx==3.6.1
 + numpy==2.5.2
 + nvidia-cublas-cu12==12.6.4.1
 + nvidia-cuda-cupti-cu12==12.6.80
 + nvidia-cuda-nvrtc-cu12==12.6.77
 + nvidia-cuda-runtime-cu12==12.6.77
 + nvidia-cudnn-cu12==9.10.2.21
 + nvidia-cufft-cu12==11.3.0.4
 + nvidia-cufile-cu12==1.11.1.6
 + nvidia-curand-cu12==10.3.7.77
 + nvidia-cusolver-cu12==11.7.1.2
 + nvidia-cusparse-cu12==12.5.4.2
 + nvidia-cusparselt-cu12==0.7.1
 + nvidia-nccl-cu12==2.27.5
 + nvidia-nvjitlink-cu12==12.6.85
 + nvidia-nvshmem-cu12==3.3.20
 + nvidia-nvtx-cu12==12.6.77
 + pillow==12.3.0
 + setuptools==78.1.0
 + sympy==1.14.0
 + torch==2.9.0+cu126
 + torchaudio==2.9.0+cu126
 + torchvision==0.24.0+cu126
 + triton==3.5.0
 + typing-extensions==4.16.0
Using Python 3.12.3 environment at: if_external/envs/lingbot
  × No solution found when resolving dependencies:
  ╰─▶ Because lerobot==0.3.3 depends on torchvision>=0.21.0,<0.23.0 and you
      require torchvision==0.24.0, we can conclude that your requirements and
      lerobot==0.3.3 are incompatible.
      And because you require lerobot==0.3.3, we can conclude that your
      requirements are unsatisfiable.
