The config attributes {'clip_output': False} were passed to AutoencoderKLWan, but are not expected and will be ignored. Please verify your config.json configuration file.
Loading checkpoint shards:   0%|          | 0/3 [00:00<?, ?it/s]Loading checkpoint shards: 100%|██████████| 3/3 [00:00<00:00, 220.42it/s]
The config attributes {'added_kv_proj_dim': None, 'image_dim': None, 'qk_norm': 'rms_norm_across_heads'} were passed to WanTransformer3DModel, but are not expected and will be ignored. Please verify your config.json configuration file.
Loading checkpoint shards:   0%|          | 0/3 [00:00<?, ?it/s]Loading checkpoint shards: 100%|██████████| 3/3 [00:00<00:00, 87.29it/s]
Some weights of the model checkpoint at /home/ubuntu/if_external/checkpoints/lingbot-va-posttrain-libero-long/transformer were not used when initializing WanTransformer3DModel: 
 ['patch_embedding.weight, patch_embedding.bias']
/home/ubuntu/if_external/envs/lingbot/lib/python3.12/site-packages/torch/distributed/distributed_c10d.py:4876: UserWarning: barrier(): using the device under current context. You can specify `device_id` in `init_process_group` to mute this warning.
  warnings.warn(  # warn only once
[rank0]:[W904 10:15:25.900682811 ProcessGroupNCCL.cpp:5068] Guessing device ID based on global rank. This can cause a hang if rank to GPU mapping is heterogeneous. You can specify device_id in init_process_group()
[rank0]: Traceback (most recent call last):
[rank0]:   File "/home/ubuntu/if_external/tools/audit_lingbot_upstream_native_parity.py", line 533, in <module>
[rank0]:     main()
[rank0]:   File "/home/ubuntu/if_external/tools/audit_lingbot_upstream_native_parity.py", line 322, in main
[rank0]:     raise RuntimeError("released oracle did not instantiate only torch SDPA attention")
[rank0]: RuntimeError: released oracle did not instantiate only torch SDPA attention
[rank0]:[W904 10:15:26.894473843 ProcessGroupNCCL.cpp:1524] Warning: WARNING: destroy_process_group() was not called before program exit, which can leak resources. For more info, please see https://pytorch.org/docs/stable/distributed.html#shutdown (function operator())
E0904 10:15:27.746000 31198 torch/distributed/elastic/multiprocessing/api.py:882] failed (exitcode: 1) local_rank: 0 (pid: 31257) of binary: /home/ubuntu/if_external/envs/lingbot/bin/python
Traceback (most recent call last):
  File "/home/ubuntu/if_external/envs/lingbot/bin/torchrun", line 10, in <module>
    sys.exit(main())
             ^^^^^^
  File "/home/ubuntu/if_external/envs/lingbot/lib/python3.12/site-packages/torch/distributed/elastic/multiprocessing/errors/__init__.py", line 357, in wrapper
    return f(*args, **kwargs)
           ^^^^^^^^^^^^^^^^^^
  File "/home/ubuntu/if_external/envs/lingbot/lib/python3.12/site-packages/torch/distributed/run.py", line 936, in main
    run(args)
  File "/home/ubuntu/if_external/envs/lingbot/lib/python3.12/site-packages/torch/distributed/run.py", line 927, in run
    elastic_launch(
  File "/home/ubuntu/if_external/envs/lingbot/lib/python3.12/site-packages/torch/distributed/launcher/api.py", line 156, in __call__
    return launch_agent(self._config, self._entrypoint, list(args))
           ^^^^^^^^^^^^^^^^^^^^^^^^^^^^^^^^^^^^^^^^^^^^^^^^^^^^^^^^
  File "/home/ubuntu/if_external/envs/lingbot/lib/python3.12/site-packages/torch/distributed/launcher/api.py", line 293, in launch_agent
    raise ChildFailedError(
torch.distributed.elastic.multiprocessing.errors.ChildFailedError: 
============================================================
/home/ubuntu/if_external/tools/audit_lingbot_upstream_native_parity.py FAILED
------------------------------------------------------------
Failures:
  <NO_OTHER_FAILURES>
------------------------------------------------------------
Root Cause (first observed failure):
[0]:
  time      : 2026-09-04_10:15:27
  host      : if-overnight-robolab-clients.ll.local
  rank      : 0 (local_rank: 0)
  exitcode  : 1 (pid: 31257)
  error_file: <N/A>
  traceback : To enable traceback see: https://pytorch.org/docs/stable/elastic/errors.html
============================================================
