Using Python 3.12.3 environment at: if_external/envs/lingbot
Resolved 69 packages in 96ms
Downloading scipy (33.6MiB)
Downloading tokenizers (3.0MiB)
Downloading transformers (10.7MiB)
Downloading imageio-ffmpeg (28.1MiB)
Downloading matplotlib (9.6MiB)
Downloading diffusers (4.4MiB)
Downloading kiwisolver (1.4MiB)
Downloading opencv-python (60.1MiB)
Downloading fonttools (5.2MiB)
Downloading numpy (17.1MiB)
 Downloaded kiwisolver
 Downloaded tokenizers
 Downloaded diffusers
 Downloaded fonttools
 Downloaded matplotlib
 Downloaded transformers
 Downloaded numpy
 Downloaded imageio-ffmpeg
 Downloaded scipy
 Downloaded opencv-python
Prepared 32 packages in 444ms
Uninstalled 1 package in 7ms
Installed 42 packages in 39ms
 + accelerate==1.14.0
 + anyio==4.15.0
 + certifi==2026.7.22
 + charset-normalizer==3.5.1
 + contourpy==1.3.3
 + cycler==0.12.1
 + diffusers==0.36.0
 + easydict==1.13
 + einops==0.8.2
 + fonttools==4.64.0
 + ftfy==6.3.1
 + h11==0.16.0
 + hf-xet==1.6.0
 + httpcore==1.0.9
 + httpx==0.28.1
 + huggingface-hub==0.36.2
 + idna==3.19
 + imageio==2.37.4
 + imageio-ffmpeg==0.6.0
 + importlib-metadata==9.0.1
 + kiwisolver==1.5.1
 + matplotlib==3.11.1
 + msgpack==1.2.2
 - numpy==2.5.2
 + numpy==1.26.4
 + opencv-python==4.11.0.86
 + packaging==26.3
 + psutil==7.2.2
 + pyparsing==3.3.2
 + python-dateutil==2.9.0.post0
 + pyyaml==6.0.3
 + regex==2026.9.3
 + requests==2.34.2
 + safetensors==0.8.0
 + scipy==1.17.1
 + six==1.17.0
 + tokenizers==0.21.4
 + tqdm==4.70.0
 + transformers==4.55.2
 + urllib3==2.7.0
 + wcwidth==0.8.3
 + websockets==17.1
 + zipp==4.1.0
Using Python 3.12.3 environment at: if_external/envs/lingbot
Resolved 1 package in 1ms
   Building lingbot-va @ file:///home/ubuntu/if_external/lingbot-va
  × Failed to build `lingbot-va @ file:///home/ubuntu/if_external/lingbot-va`
  ├─▶ The build backend returned an error
  ╰─▶ Call to `setuptools.build_meta.build_editable` failed (exit status: 1)

      [stdout]
      running egg_info
      creating LingBot_VA.egg-info
      writing LingBot_VA.egg-info/PKG-INFO
      writing dependency_links to LingBot_VA.egg-info/dependency_links.txt
      writing requirements to LingBot_VA.egg-info/requires.txt
      writing top-level names to LingBot_VA.egg-info/top_level.txt
      writing manifest file 'LingBot_VA.egg-info/SOURCES.txt'

      [stderr]
      /home/ubuntu/.cache/uv/builds-v0/.tmpnqTZOg/lib/python3.12/site-packages/setuptools/config/_apply_pyprojecttoml.py:82:
      SetuptoolsDeprecationWarning: `project.license` as a TOML table is
      deprecated
      !!

      
      ********************************************************************************
              Please use a simple string containing a SPDX expression for
      `project.license`. You can also use `project.license-files`. (Both
      options available on setuptools>=77.0.0).

              By 2027-Feb-18, you need to update your project and remove
      deprecated calls
              or your builds will no longer be supported.

              See
      https://packaging.python.org/en/latest/guides/writing-pyproject-toml/#license
      for details.
      
      ********************************************************************************

      !!
        corresp(dist, value, root_dir)
      error: package directory 'lingbot_va' does not exist


hint: Build failures usually indicate a problem with the package or the build environment
