The config attributes {'clip_output': False} were passed to AutoencoderKLWan, but are not expected and will be ignored. Please verify your config.json configuration file.
Loading checkpoint shards:   0%|          | 0/3 [00:00<?, ?it/s]Loading checkpoint shards: 100%|██████████| 3/3 [00:00<00:00, 224.36it/s]
The config attributes {'added_kv_proj_dim': None, 'image_dim': None, 'qk_norm': 'rms_norm_across_heads'} were passed to WanTransformer3DModel, but are not expected and will be ignored. Please verify your config.json configuration file.
Loading checkpoint shards:   0%|          | 0/3 [00:00<?, ?it/s]Loading checkpoint shards: 100%|██████████| 3/3 [00:00<00:00, 86.30it/s]
Some weights of the model checkpoint at /home/ubuntu/if_external/checkpoints/lingbot-va-posttrain-libero-long/transformer were not used when initializing WanTransformer3DModel: 
 ['patch_embedding.bias, patch_embedding.weight']
/home/ubuntu/if_external/envs/lingbot/lib/python3.12/site-packages/torch/distributed/distributed_c10d.py:4876: UserWarning: barrier(): using the device under current context. You can specify `device_id` in `init_process_group` to mute this warning.
  warnings.warn(  # warn only once
[rank0]:[W904 10:24:02.450514563 ProcessGroupNCCL.cpp:5068] Guessing device ID based on global rank. This can cause a hang if rank to GPU mapping is heterogeneous. You can specify device_id in init_process_group()
complete task00_state010
complete task00_state030
complete task01_state020
complete task02_state010
complete task02_state030
complete task03_state020
complete task04_state010
complete task04_state030
complete task05_state020
complete task06_state010
complete task06_state030
complete task07_state020
complete task08_state010
complete task08_state030
complete task09_state020
[rank0]:[W904 10:27:02.003126563 ProcessGroupNCCL.cpp:1524] Warning: WARNING: destroy_process_group() was not called before program exit, which can leak resources. For more info, please see https://pytorch.org/docs/stable/distributed.html#shutdown (function operator())
