Traceback (most recent call last):
  File "/home/ubuntu/if_external/tools/audit_lingbot_upstream_native_parity.py", line 533, in <module>
    main()
  File "/home/ubuntu/if_external/tools/audit_lingbot_upstream_native_parity.py", line 153, in main
    raise RuntimeError(f"runtime {label} differs from frozen parity gate")
RuntimeError: runtime core_environment_provenance_path differs from frozen parity gate
E0904 10:13:00.373000 30681 torch/distributed/elastic/multiprocessing/api.py:882] failed (exitcode: 1) local_rank: 0 (pid: 30740) of binary: /home/ubuntu/if_external/envs/lingbot/bin/python
Traceback (most recent call last):
  File "/home/ubuntu/if_external/envs/lingbot/bin/torchrun", line 10, in <module>
    sys.exit(main())
             ^^^^^^
  File "/home/ubuntu/if_external/envs/lingbot/lib/python3.12/site-packages/torch/distributed/elastic/multiprocessing/errors/__init__.py", line 357, in wrapper
    return f(*args, **kwargs)
           ^^^^^^^^^^^^^^^^^^
  File "/home/ubuntu/if_external/envs/lingbot/lib/python3.12/site-packages/torch/distributed/run.py", line 936, in main
    run(args)
  File "/home/ubuntu/if_external/envs/lingbot/lib/python3.12/site-packages/torch/distributed/run.py", line 927, in run
    elastic_launch(
  File "/home/ubuntu/if_external/envs/lingbot/lib/python3.12/site-packages/torch/distributed/launcher/api.py", line 156, in __call__
    return launch_agent(self._config, self._entrypoint, list(args))
           ^^^^^^^^^^^^^^^^^^^^^^^^^^^^^^^^^^^^^^^^^^^^^^^^^^^^^^^^
  File "/home/ubuntu/if_external/envs/lingbot/lib/python3.12/site-packages/torch/distributed/launcher/api.py", line 293, in launch_agent
    raise ChildFailedError(
torch.distributed.elastic.multiprocessing.errors.ChildFailedError: 
============================================================
/home/ubuntu/if_external/tools/audit_lingbot_upstream_native_parity.py FAILED
------------------------------------------------------------
Failures:
  <NO_OTHER_FAILURES>
------------------------------------------------------------
Root Cause (first observed failure):
[0]:
  time      : 2026-09-04_10:13:00
  host      : if-overnight-robolab-clients.ll.local
  rank      : 0 (local_rank: 0)
  exitcode  : 1 (pid: 30740)
  error_file: <N/A>
  traceback : To enable traceback see: https://pytorch.org/docs/stable/elastic/errors.html
============================================================
