\BOOKMARK [1][-]{section.1}{\376\377\000I\000n\000t\000r\000o\000d\000u\000c\000t\000i\000o\000n}{}% 1
\BOOKMARK [1][-]{section.2}{\376\377\000T\000w\000o\000-\000S\000t\000a\000g\000e\000\040\000I\000n\000t\000e\000r\000v\000e\000n\000t\000i\000o\000n\000\040\000D\000e\000s\000i\000g\000n}{}% 2
\BOOKMARK [2][-]{subsection.2.1}{\376\377\000S\000t\000a\000g\000e\000\040\0001\000:\000\040\000F\000u\000t\000u\000r\000e\000-\000c\000o\000n\000t\000e\000n\000t\000\040\000i\000n\000t\000e\000r\000v\000e\000n\000t\000i\000o\000n}{section.2}% 3
\BOOKMARK [2][-]{subsection.2.2}{\376\377\000S\000t\000a\000g\000e\000\040\0002\000:\000\040\000K\000/\000V\000\040\000p\000a\000t\000h\000w\000a\000y\000\040\000i\000n\000t\000e\000r\000v\000e\000n\000t\000i\000o\000n}{section.2}% 4
\BOOKMARK [1][-]{section.3}{\376\377\000R\000e\000s\000u\000l\000t\000s}{}% 5
\BOOKMARK [2][-]{subsection.3.1}{\376\377\000F\000u\000t\000u\000r\000e\000-\000s\000o\000u\000r\000c\000e\000\040\000i\000d\000e\000n\000t\000i\000t\000y\000\040\000d\000i\000r\000e\000c\000t\000i\000o\000n\000a\000l\000l\000y\000\040\000c\000o\000n\000t\000r\000o\000l\000s\000\040\000a\000c\000t\000i\000o\000n}{section.3}% 6
\BOOKMARK [2][-]{subsection.3.2}{\376\377\000C\000o\000n\000t\000e\000n\000t\000\040\000p\000r\000o\000f\000i\000l\000e\000s\000\040\000d\000i\000f\000f\000e\000r\000\040\000a\000c\000r\000o\000s\000s\000\040\000a\000r\000c\000h\000i\000t\000e\000c\000t\000u\000r\000e\000s}{section.3}% 7
\BOOKMARK [2][-]{subsection.3.3}{\376\377\000F\000u\000t\000u\000r\000e\000-\000t\000o\000k\000e\000n\000\040\000K\000/\000V\000\040\000r\000e\000d\000i\000r\000e\000c\000t\000s\000\040\000C\000o\000s\000m\000o\000s\000\040\0003\000\040\000a\000c\000t\000i\000o\000n}{section.3}% 8
\BOOKMARK [1][-]{section.4}{\376\377\000D\000i\000s\000c\000u\000s\000s\000i\000o\000n\000\040\000a\000n\000d\000\040\000L\000i\000m\000i\000t\000a\000t\000i\000o\000n\000s}{}% 9
\BOOKMARK [1][-]{section.5}{\376\377\000C\000o\000n\000c\000l\000u\000s\000i\000o\000n}{}% 10
\BOOKMARK [1][-]{appendix.A}{\376\377\000R\000e\000p\000r\000o\000d\000u\000c\000i\000b\000i\000l\000i\000t\000y\000\040\000a\000n\000d\000\040\000P\000r\000o\000t\000o\000c\000o\000l\000\040\000D\000e\000t\000a\000i\000l\000s}{}% 11
\BOOKMARK [2][-]{subsection.A.1}{\376\377\000E\000x\000p\000e\000r\000i\000m\000e\000n\000t\000a\000l\000\040\000s\000e\000t\000t\000i\000n\000g\000s\000\040\000a\000n\000d\000\040\000f\000r\000o\000z\000e\000n\000\040\000d\000e\000s\000i\000g\000n\000s}{appendix.A}% 12
\BOOKMARK [2][-]{subsection.A.2}{\376\377\000H\000o\000w\000\040\000t\000h\000e\000\040\000d\000o\000n\000o\000r\000\040\000f\000u\000t\000u\000r\000e\000\040\000i\000s\000\040\000i\000n\000s\000e\000r\000t\000e\000d\000\040\000i\000n\000t\000o\000\040\000t\000h\000e\000\040\000r\000e\000c\000i\000p\000i\000e\000n\000t\000\040\000r\000u\000n}{appendix.A}% 13
\BOOKMARK [2][-]{subsection.A.3}{\376\377\000K\000/\000V\000\040\000p\000a\000t\000h\000w\000a\000y\000\040\000i\000m\000p\000l\000e\000m\000e\000n\000t\000a\000t\000i\000o\000n}{appendix.A}% 14
\BOOKMARK [2][-]{subsection.A.4}{\376\377\000S\000t\000a\000t\000e\000\040\000r\000e\000s\000t\000o\000r\000a\000t\000i\000o\000n\000,\000\040\000e\000x\000e\000c\000u\000t\000i\000o\000n\000,\000\040\000a\000n\000d\000\040\000m\000i\000s\000s\000i\000n\000g\000n\000e\000s\000s}{appendix.A}% 15
\BOOKMARK [2][-]{subsection.A.5}{\376\377\000I\000n\000t\000e\000r\000v\000e\000n\000t\000i\000o\000n\000\040\000v\000a\000l\000i\000d\000i\000t\000y\000\040\000a\000n\000d\000\040\000c\000o\000n\000t\000r\000o\000l\000s}{appendix.A}% 16
\BOOKMARK [2][-]{subsection.A.6}{\376\377\000S\000t\000a\000g\000e\000-\0001\000\040\000s\000t\000a\000t\000i\000s\000t\000i\000c\000a\000l\000\040\000a\000n\000a\000l\000y\000s\000i\000s}{appendix.A}% 17
\BOOKMARK [2][-]{subsection.A.7}{\376\377\000S\000t\000a\000g\000e\000-\0002\000\040\000s\000t\000a\000t\000i\000s\000t\000i\000c\000a\000l\000\040\000a\000n\000a\000l\000y\000s\000i\000s}{appendix.A}% 18
\BOOKMARK [1][-]{appendix.B}{\376\377\000A\000d\000d\000i\000t\000i\000o\000n\000a\000l\000\040\000E\000x\000p\000e\000r\000i\000m\000e\000n\000t\000s\000\040\000a\000n\000d\000\040\000D\000i\000a\000g\000n\000o\000s\000t\000i\000c\000s}{}% 19
\BOOKMARK [2][-]{subsection.B.1}{\376\377\000S\000t\000a\000g\000e\000-\0001\000\040\000d\000i\000r\000e\000c\000t\000i\000o\000n\000a\000l\000\040\000s\000t\000e\000e\000r\000i\000n\000g}{appendix.B}% 20
\BOOKMARK [2][-]{subsection.B.2}{\376\377\000M\000a\000t\000c\000h\000e\000d\000\040\000f\000o\000u\000r\000-\000s\000o\000u\000r\000c\000e\000\040\000a\000c\000t\000i\000o\000n\000\040\000g\000r\000i\000d\000s}{appendix.B}% 21
\BOOKMARK [2][-]{subsection.B.3}{\376\377\000C\000o\000s\000m\000o\000s\000\040\0003\000\040\000i\000n\000t\000e\000r\000v\000e\000n\000t\000i\000o\000n\000\040\000t\000i\000m\000i\000n\000g\000\040\000a\000n\000d\000\040\000s\000t\000r\000e\000n\000g\000t\000h}{appendix.B}% 22
\BOOKMARK [2][-]{subsection.B.4}{\376\377\000C\000o\000s\000m\000o\000s\000\040\0003\000\040\000r\000o\000b\000o\000t\000/\000o\000b\000j\000e\000c\000t\000\040\000f\000a\000c\000t\000o\000r\000i\000z\000a\000t\000i\000o\000n\000\040\000d\000i\000a\000g\000n\000o\000s\000t\000i\000c}{appendix.B}% 23
\BOOKMARK [2][-]{subsection.B.5}{\376\377\000C\000o\000n\000d\000i\000t\000i\000o\000n\000-\000l\000e\000v\000e\000l\000\040\000C\000o\000s\000m\000o\000s\000\040\0003\000\040\000p\000r\000o\000j\000e\000c\000t\000i\000o\000n\000s}{appendix.B}% 24
\BOOKMARK [2][-]{subsection.B.6}{\376\377\000D\000i\000s\000p\000l\000a\000c\000e\000m\000e\000n\000t\000-\000m\000a\000g\000n\000i\000t\000u\000d\000e\000\040\000d\000i\000a\000g\000n\000o\000s\000t\000i\000c}{appendix.B}% 25
\BOOKMARK [2][-]{subsection.B.7}{\376\377\000C\000o\000s\000m\000o\000s\000\040\000P\000o\000l\000i\000c\000y\000\040\000t\000i\000m\000i\000n\000g\000\040\000a\000n\000d\000\040\000c\000r\000o\000s\000s\000-\000d\000o\000m\000a\000i\000n\000\040\000c\000h\000e\000c\000k\000s}{appendix.B}% 26
\BOOKMARK [2][-]{subsection.B.8}{\376\377\000W\000i\000t\000h\000i\000n\000-\000t\000a\000s\000k\000\040\000r\000e\000l\000a\000t\000i\000o\000n\000s\000h\000i\000p\000s\000\040\000i\000n\000\040\000C\000o\000s\000m\000o\000s\000\040\000P\000o\000l\000i\000c\000y}{appendix.B}% 27
\BOOKMARK [2][-]{subsection.B.9}{\376\377\000A\000d\000d\000i\000t\000i\000o\000n\000a\000l\000\040\000c\000o\000n\000t\000e\000n\000t\000\040\000a\000n\000d\000\040\000p\000a\000t\000h\000w\000a\000y\000\040\000c\000h\000e\000c\000k\000s}{appendix.B}% 28
